[    1116ms] [INFO] %cDownload the React DevTools for a better development experience: https://react.dev/link/react-devtools font-weight:bold @ https://vgsite.localhost/node_modules/.vite/deps/client-BQx9bLZI.js?v=5b19602f:15804
[   69359ms] [ERROR] Failed to load resource: the server responded with a status of 502 () @ https://vgsite.localhost/src/styles/global.css:0
[   69365ms] [ERROR] Failed to load resource: the server responded with a status of 502 () @ https://vgsite.localhost/@id/astro:scripts/before-hydration.js:0
[   69366ms] [ERROR] Failed to load resource: the server responded with a status of 502 () @ https://vgsite.localhost/@id/__x00__astro:toolbar:internal:0
[   69367ms] [ERROR] Failed to load resource: the server responded with a status of 502 () @ https://vgsite.localhost/node_modules/vite/dist/client/env.mjs:0
[   69379ms] Failed to fetch dynamically imported module: https://vgsite.localhost/@id/astro:scripts/before-hydration.js
[   69379ms] Failed to fetch dynamically imported module: https://vgsite.localhost/@id/astro:scripts/before-hydration.js
[   69379ms] Failed to fetch dynamically imported module: https://vgsite.localhost/@id/astro:scripts/before-hydration.js
[   69379ms] Failed to fetch dynamically imported module: https://vgsite.localhost/@id/astro:scripts/before-hydration.js
[   69379ms] Failed to fetch dynamically imported module: https://vgsite.localhost/@id/astro:scripts/before-hydration.js
[   69379ms] Failed to fetch dynamically imported module: https://vgsite.localhost/@id/astro:scripts/before-hydration.js
[   69379ms] Failed to fetch dynamically imported module: https://vgsite.localhost/@id/astro:scripts/before-hydration.js
[   69379ms] Failed to fetch dynamically imported module: https://vgsite.localhost/@id/astro:scripts/before-hydration.js
[   69379ms] Failed to fetch dynamically imported module: https://vgsite.localhost/@id/astro:scripts/before-hydration.js
[   69428ms] [ERROR] Failed to load resource: the server responded with a status of 502 () @ https://vgsite.localhost/examples/raymarching.png:0
[   69438ms] [ERROR] Failed to load resource: the server responded with a status of 502 () @ https://vgsite.localhost/examples/grain.png:0
[   69440ms] [ERROR] Failed to load resource: the server responded with a status of 502 () @ https://vgsite.localhost/examples/headless.png:0
[   69447ms] [ERROR] Failed to load resource: the server responded with a status of 502 () @ https://vgsite.localhost/favicon.svg:0
[  344406ms] [INFO] %cDownload the React DevTools for a better development experience: https://react.dev/link/react-devtools font-weight:bold @ https://vgsite.localhost/node_modules/.vite/deps/client-BQx9bLZI.js?v=a9d23238:15804
[  344620ms] [INFO] %cDownload the React DevTools for a better development experience: https://react.dev/link/react-devtools font-weight:bold @ https://vgsite.localhost/node_modules/.vite/deps/client-BQx9bLZI.js?v=a9d23238:15804
[  344870ms] [INFO] %cDownload the React DevTools for a better development experience: https://react.dev/link/react-devtools font-weight:bold @ https://vgsite.localhost/node_modules/.vite/deps/client-BQx9bLZI.js?v=a9d23238:15804
[  345077ms] [INFO] %cDownload the React DevTools for a better development experience: https://react.dev/link/react-devtools font-weight:bold @ https://vgsite.localhost/node_modules/.vite/deps/client-BQx9bLZI.js?v=a9d23238:15804
[  345322ms] [INFO] %cDownload the React DevTools for a better development experience: https://react.dev/link/react-devtools font-weight:bold @ https://vgsite.localhost/node_modules/.vite/deps/client-BQx9bLZI.js?v=a9d23238:15804
[  345490ms] [INFO] %cDownload the React DevTools for a better development experience: https://react.dev/link/react-devtools font-weight:bold @ https://vgsite.localhost/node_modules/.vite/deps/client-BQx9bLZI.js?v=a9d23238:15804
[  345692ms] [INFO] %cDownload the React DevTools for a better development experience: https://react.dev/link/react-devtools font-weight:bold @ https://vgsite.localhost/node_modules/.vite/deps/client-BQx9bLZI.js?v=a9d23238:15804
[  345928ms] [INFO] %cDownload the React DevTools for a better development experience: https://react.dev/link/react-devtools font-weight:bold @ https://vgsite.localhost/node_modules/.vite/deps/client-BQx9bLZI.js?v=a9d23238:15804
[  346209ms] [INFO] %cDownload the React DevTools for a better development experience: https://react.dev/link/react-devtools font-weight:bold @ https://vgsite.localhost/node_modules/.vite/deps/client-BQx9bLZI.js?v=a9d23238:15804
[  346467ms] [INFO] %cDownload the React DevTools for a better development experience: https://react.dev/link/react-devtools font-weight:bold @ https://vgsite.localhost/node_modules/.vite/deps/client-BQx9bLZI.js?v=a9d23238:15804
[  346710ms] [INFO] %cDownload the React DevTools for a better development experience: https://react.dev/link/react-devtools font-weight:bold @ https://vgsite.localhost/node_modules/.vite/deps/client-BQx9bLZI.js?v=a9d23238:15804
[  346915ms] [INFO] %cDownload the React DevTools for a better development experience: https://react.dev/link/react-devtools font-weight:bold @ https://vgsite.localhost/node_modules/.vite/deps/client-BQx9bLZI.js?v=a9d23238:15804
[  347167ms] [INFO] %cDownload the React DevTools for a better development experience: https://react.dev/link/react-devtools font-weight:bold @ https://vgsite.localhost/node_modules/.vite/deps/client-BQx9bLZI.js?v=a9d23238:15804
[  347384ms] [INFO] %cDownload the React DevTools for a better development experience: https://react.dev/link/react-devtools font-weight:bold @ https://vgsite.localhost/node_modules/.vite/deps/client-BQx9bLZI.js?v=a9d23238:15804
[  347604ms] [INFO] %cDownload the React DevTools for a better development experience: https://react.dev/link/react-devtools font-weight:bold @ https://vgsite.localhost/node_modules/.vite/deps/client-BQx9bLZI.js?v=a9d23238:15804
[  347829ms] [INFO] %cDownload the React DevTools for a better development experience: https://react.dev/link/react-devtools font-weight:bold @ https://vgsite.localhost/node_modules/.vite/deps/client-BQx9bLZI.js?v=a9d23238:15804
[  348040ms] [INFO] %cDownload the React DevTools for a better development experience: https://react.dev/link/react-devtools font-weight:bold @ https://vgsite.localhost/node_modules/.vite/deps/client-BQx9bLZI.js?v=a9d23238:15804
[  348250ms] [INFO] %cDownload the React DevTools for a better development experience: https://react.dev/link/react-devtools font-weight:bold @ https://vgsite.localhost/node_modules/.vite/deps/client-BQx9bLZI.js?v=a9d23238:15804
[  348494ms] [INFO] %cDownload the React DevTools for a better development experience: https://react.dev/link/react-devtools font-weight:bold @ https://vgsite.localhost/node_modules/.vite/deps/client-BQx9bLZI.js?v=a9d23238:15804
[  348761ms] [INFO] %cDownload the React DevTools for a better development experience: https://react.dev/link/react-devtools font-weight:bold @ https://vgsite.localhost/node_modules/.vite/deps/client-BQx9bLZI.js?v=a9d23238:15804
[  348962ms] [INFO] %cDownload the React DevTools for a better development experience: https://react.dev/link/react-devtools font-weight:bold @ https://vgsite.localhost/node_modules/.vite/deps/client-BQx9bLZI.js?v=a9d23238:15804
[  349147ms] [INFO] %cDownload the React DevTools for a better development experience: https://react.dev/link/react-devtools font-weight:bold @ https://vgsite.localhost/node_modules/.vite/deps/client-BQx9bLZI.js?v=a9d23238:15804
[  349348ms] [INFO] %cDownload the React DevTools for a better development experience: https://react.dev/link/react-devtools font-weight:bold @ https://vgsite.localhost/node_modules/.vite/deps/client-BQx9bLZI.js?v=a9d23238:15804
[  349592ms] [INFO] %cDownload the React DevTools for a better development experience: https://react.dev/link/react-devtools font-weight:bold @ https://vgsite.localhost/node_modules/.vite/deps/client-BQx9bLZI.js?v=a9d23238:15804
[  349775ms] [INFO] %cDownload the React DevTools for a better development experience: https://react.dev/link/react-devtools font-weight:bold @ https://vgsite.localhost/node_modules/.vite/deps/client-BQx9bLZI.js?v=a9d23238:15804
[  349945ms] [INFO] %cDownload the React DevTools for a better development experience: https://react.dev/link/react-devtools font-weight:bold @ https://vgsite.localhost/node_modules/.vite/deps/client-BQx9bLZI.js?v=a9d23238:15804
[  350138ms] [INFO] %cDownload the React DevTools for a better development experience: https://react.dev/link/react-devtools font-weight:bold @ https://vgsite.localhost/node_modules/.vite/deps/client-BQx9bLZI.js?v=a9d23238:15804
[  350351ms] [INFO] %cDownload the React DevTools for a better development experience: https://react.dev/link/react-devtools font-weight:bold @ https://vgsite.localhost/node_modules/.vite/deps/client-BQx9bLZI.js?v=a9d23238:15804
[  350578ms] [INFO] %cDownload the React DevTools for a better development experience: https://react.dev/link/react-devtools font-weight:bold @ https://vgsite.localhost/node_modules/.vite/deps/client-BQx9bLZI.js?v=a9d23238:15804
[  350799ms] [INFO] %cDownload the React DevTools for a better development experience: https://react.dev/link/react-devtools font-weight:bold @ https://vgsite.localhost/node_modules/.vite/deps/client-BQx9bLZI.js?v=a9d23238:15804
[  350969ms] [INFO] %cDownload the React DevTools for a better development experience: https://react.dev/link/react-devtools font-weight:bold @ https://vgsite.localhost/node_modules/.vite/deps/client-BQx9bLZI.js?v=a9d23238:15804
[  351131ms] [INFO] %cDownload the React DevTools for a better development experience: https://react.dev/link/react-devtools font-weight:bold @ https://vgsite.localhost/node_modules/.vite/deps/client-BQx9bLZI.js?v=a9d23238:15804
[  351624ms] [INFO] %cDownload the React DevTools for a better development experience: https://react.dev/link/react-devtools font-weight:bold @ https://vgsite.localhost/node_modules/.vite/deps/client-BQx9bLZI.js?v=a9d23238:15804
[  354288ms] TypeError: setForTime is not a function
    at https://vgsite.localhost/src/components/ShaderStage.tsx:22:13
    at FrameRunner.frame (https://vgsite.localhost/node_modules/.vite/deps/vgpu.js?v=440ea27c:8888:6)
    at tick (https://vgsite.localhost/node_modules/.vite/deps/vgpu.js?v=440ea27c:8926:11)
[  354302ms] TypeError: setForTime is not a function
    at https://vgsite.localhost/src/components/ShaderStage.tsx:22:13
    at FrameRunner.frame (https://vgsite.localhost/node_modules/.vite/deps/vgpu.js?v=440ea27c:8888:6)
    at tick (https://vgsite.localhost/node_modules/.vite/deps/vgpu.js?v=440ea27c:8926:11)
[  354303ms] TypeError: setForTime is not a function
    at https://vgsite.localhost/src/components/ShaderStage.tsx:22:13
    at FrameRunner.frame (https://vgsite.localhost/node_modules/.vite/deps/vgpu.js?v=440ea27c:8888:6)
    at tick (https://vgsite.localhost/node_modules/.vite/deps/vgpu.js?v=440ea27c:8926:11)
[  357735ms] [INFO] %cDownload the React DevTools for a better development experience: https://react.dev/link/react-devtools font-weight:bold @ https://vgsite.localhost/node_modules/.vite/deps/client-BQx9bLZI.js?v=a9d23238:15804
[  360339ms] TypeError: setForTime is not a function
    at https://vgsite.localhost/src/components/ShaderStage.tsx:22:13
    at FrameRunner.frame (https://vgsite.localhost/node_modules/.vite/deps/vgpu.js?v=440ea27c:8888:6)
    at tick (https://vgsite.localhost/node_modules/.vite/deps/vgpu.js?v=440ea27c:8926:11)
[  360352ms] TypeError: setForTime is not a function
    at https://vgsite.localhost/src/components/ShaderStage.tsx:22:13
    at FrameRunner.frame (https://vgsite.localhost/node_modules/.vite/deps/vgpu.js?v=440ea27c:8888:6)
    at tick (https://vgsite.localhost/node_modules/.vite/deps/vgpu.js?v=440ea27c:8926:11)
[  360369ms] TypeError: setForTime is not a function
    at https://vgsite.localhost/src/components/ShaderStage.tsx:22:13
    at FrameRunner.frame (https://vgsite.localhost/node_modules/.vite/deps/vgpu.js?v=440ea27c:8888:6)
    at tick (https://vgsite.localhost/node_modules/.vite/deps/vgpu.js?v=440ea27c:8926:11)
